---
source: integration_tests/tests/integration_tests/mpl_core_tests.rs
assertion_line: 361
expression: response
---
{
  "interface": "MplCoreAsset",
  "id": "9v2H5sDBXKmYkGHebfaWwdgBWuMTBVWQom3QeEcV8oJj",
  "content": {
    "$schema": "https://schema.metaplex.com/nft1.0.json",
    "json_uri": "https://example.com/asset",
    "files": [],
    "metadata": {
      "name": "new name 2",
      "symbol": ""
    },
    "links": {}
  },
  "authorities": [
    {
      "address": "APrZTeVysBJqAznfLXS71NAzjr2fCVTSF1A66MeErzM7",
      "scopes": [
        "full"
      ]
    }
  ],
  "compression": {
    "eligible": false,
    "compressed": false,
    "data_hash": "",
    "creator_hash": "",
    "asset_hash": "",
    "tree": "",
    "seq": 0,
    "leaf_id": 0
  },
  "grouping": [],
  "royalty": {
    "royalty_model": "creators",
    "target": null,
    "percent": 0.0,
    "basis_points": 0,
    "primary_sale_happened": false,
    "locked": false
  },
  "creators": [],
  "ownership": {
    "frozen": false,
    "delegated": false,
    "delegate": null,
    "ownership_model": "single",
    "owner": "APrZTeVysBJqAznfLXS71NAzjr2fCVTSF1A66MeErzM7"
  },
  "supply": null,
  "mutable": true,
  "burnt": false,
  "plugins": {},
  "mpl_core_info": {
    "plugins_json_version": 1
  },
  "external_plugins": [
    {
      "type": "Oracle",
      "index": 0,
      "offset": 119,
      "authority": {
        "type": "UpdateAuthority",
        "address": null
      },
      "adapter_config": {
        "base_address": "4RZ7RhXeL4oz4kVX5fpRfkNQ3nz1n4eruqBn2AGPQepo",
        "results_offset": {
          "custom": 48
        },
        "base_address_config": {
          "preconfigured_asset": {
            "is_signer": false,
            "is_writable": false
          }
        }
      },
      "lifecycle_checks": {
        "update": [
          "CanReject"
        ]
      }
    }
  ]
}
