---
source: integration_tests/tests/integration_tests/cnft_tests_v2_leaf_schema.rs
expression: response
snapshot_kind: text
---
{
  "interface": "V1_NFT",
  "id": "4ynkSgr8S9pq3a2ynNHVfJbAcBrBxJUFkRCkwmjEc3TS",
  "content": {
    "$schema": "https://schema.metaplex.com/nft1.0.json",
    "json_uri": "https://example.com/my-nft.json",
    "files": [],
    "metadata": {
      "name": "My NFT",
      "symbol": "",
      "token_standard": "NonFungible"
    },
    "links": {}
  },
  "authorities": [
    {
      "address": "2z52NY1Lp9zQmHAw6qCZuj7E1fspSSEunU57zDkeDyoR",
      "scopes": [
        "full"
      ]
    }
  ],
  "compression": {
    "eligible": false,
    "compressed": true,
    "data_hash": "EHnEc36MD4gW2VvnJZ8LCDovJFRamyWSgfAh9EckHSdP",
    "creator_hash": "EKDHSGbrGztomDfuiV4iqiZ6LschDJPsFiXjZ83f92Md",
    "collection_hash": "3mG2ogUZaUxX7TKRbDNDUPnesYghsd87YFAduqs4TETk",
    "asset_data_hash": "EKDHSGbrGztomDfuiV4iqiZ6LschDJPsFiXjZ83f92Md",
    "flags": 1,
    "asset_hash": "2KH7jq1J2mdLzeM4MZwZhGYVWvJt1faBw5CKugwoeBeW",
    "tree": "Eq3UL2Zeb7UeUQEFmXXdw5JaYnLRzc8ELytQu2GcupTS",
    "seq": 3,
    "leaf_id": 0
  },
  "grouping": [],
  "royalty": {
    "royalty_model": "creators",
    "target": null,
    "percent": 0.05,
    "basis_points": 500,
    "primary_sale_happened": false,
    "locked": false
  },
  "creators": [],
  "ownership": {
    "frozen": true,
    "non_transferable": false,
    "delegated": true,
    "delegate": "4k8UwJymCRW2WzhkvEnpYcYNqr3miX5a7MizGwBvzT8q",
    "ownership_model": "single",
    "owner": "39yrhNRHmYVDYQmz54ubDYMndqTc3VdwttGJnAHUR8Pg"
  },
  "supply": {
    "print_max_supply": 0,
    "print_current_supply": 0,
    "edition_nonce": null
  },
  "mutable": true,
  "burnt": false
}
