---
source: integration_tests/tests/integration_tests/show_fungible_flag_tests.rs
expression: response
snapshot_kind: text
---
{
  "total": 2,
  "limit": 1000,
  "cursor": "AH6wj7T8Ke5nbukjtcobjjs1CDWUcQxndtnLkKAdrSrM",
  "items": [
    {
      "interface": "Custom",
      "id": "Es9vMFrzaCERmJfrF4H2FYD4KCoNkY11McCe8BenwNYB",
      "content": {
        "$schema": "https://schema.metaplex.com/nft1.0.json",
        "json_uri": "",
        "files": [],
        "metadata": {
          "name": "USDT",
          "symbol": "USDT"
        },
        "links": {}
      },
      "authorities": [
        {
          "address": "Q6XprfkF8RQQKoQVG33xT88H7wi8Uk1B1CC7YAs69Gi",
          "scopes": [
            "full"
          ]
        }
      ],
      "compression": {
        "eligible": false,
        "compressed": false,
        "data_hash": "",
        "creator_hash": "",
        "asset_hash": "",
        "tree": "",
        "seq": 0,
        "leaf_id": 0
      },
      "grouping": [],
      "royalty": {
        "royalty_model": "creators",
        "target": null,
        "percent": 0.0,
        "basis_points": 0,
        "primary_sale_happened": false,
        "locked": false
      },
      "creators": [],
      "ownership": {
        "frozen": false,
        "delegated": false,
        "delegate": null,
        "ownership_model": "token",
        "owner": ""
      },
      "supply": {
        "print_max_supply": 0,
        "print_current_supply": 0,
        "edition_nonce": 255
      },
      "mutable": true,
      "burnt": false,
      "token_info": {
        "supply": 2389929362214841,
        "decimals": 6,
        "token_program": "TokenkegQfeZyiNwAJbNbGKPFXCWuBvf9Ss623VQ5DA",
        "mint_authority": "Q6XprfkF8RQQKoQVG33xT88H7wi8Uk1B1CC7YAs69Gi",
        "freeze_authority": "Q6XprfkF8RQQKoQVG33xT88H7wi8Uk1B1CC7YAs69Gi"
      }
    },
    {
      "interface": "ProgrammableNFT",
      "id": "AH6wj7T8Ke5nbukjtcobjjs1CDWUcQxndtnLkKAdrSrM",
      "content": {
        "$schema": "https://schema.metaplex.com/nft1.0.json",
        "json_uri": "https://madlads.s3.us-west-2.amazonaws.com/json/1983.json",
        "files": [],
        "metadata": {
          "name": "Mad Lads #1983",
          "symbol": "MAD",
          "token_standard": "ProgrammableNonFungible"
        },
        "links": {}
      },
      "authorities": [
        {
          "address": "2RtGg6fsFiiF1EQzHqbd66AhW7R5bWeQGpTbv2UMkCdW",
          "scopes": [
            "full"
          ]
        }
      ],
      "compression": {
        "eligible": false,
        "compressed": false,
        "data_hash": "",
        "creator_hash": "",
        "asset_hash": "",
        "tree": "",
        "seq": 0,
        "leaf_id": 0
      },
      "grouping": [
        {
          "group_key": "collection",
          "group_value": "J1S9H3QjnRtBbbuD4HjPV6RpRhwuk4zKbxsnCHuTgh9w"
        }
      ],
      "royalty": {
        "royalty_model": "creators",
        "target": null,
        "percent": 0.042,
        "basis_points": 420,
        "primary_sale_happened": true,
        "locked": false
      },
      "creators": [
        {
          "address": "5XvhfmRjwXkGp3jHGmaKpqeerNYjkuZZBYLVQYdeVcRv",
          "share": 0,
          "verified": true
        },
        {
          "address": "2RtGg6fsFiiF1EQzHqbd66AhW7R5bWeQGpTbv2UMkCdW",
          "share": 100,
          "verified": true
        }
      ],
      "ownership": {
        "frozen": true,
        "delegated": true,
        "delegate": "BPB5idZgbA1DG4XEmnKs62AADRZFf3jY7Kr9mpMGyKPi",
        "ownership_model": "single",
        "owner": "GqPnSDXwp4JFtKS7YZ2HERgBbYLKpKVYy9TpVunzLRa9"
      },
      "supply": {
        "print_max_supply": 0,
        "print_current_supply": 0,
        "edition_nonce": 255
      },
      "mutable": true,
      "burnt": false,
      "token_info": {
        "supply": 1,
        "decimals": 0,
        "token_program": "TokenkegQfeZyiNwAJbNbGKPFXCWuBvf9Ss623VQ5DA",
        "mint_authority": "FAzbjKo66M3tKhkKqegmWFaYr93FB74B1ChEBdFyKcip",
        "freeze_authority": "FAzbjKo66M3tKhkKqegmWFaYr93FB74B1ChEBdFyKcip"
      }
    }
  ]
}
