---
source: integration_tests/tests/integration_tests/cnft_tests_v2_leaf_schema.rs
expression: response
snapshot_kind: text
---
{
  "interface": "V1_NFT",
  "id": "5ryKjZ554B9aSKWyEH4kprdjQSvRk3ioAVPgsxRqcDAf",
  "content": {
    "$schema": "https://schema.metaplex.com/nft1.0.json",
    "json_uri": "https://example.com/my-nft.json",
    "files": [],
    "metadata": {
      "name": "My NFT",
      "symbol": "",
      "token_standard": "NonFungible"
    },
    "links": {}
  },
  "authorities": [
    {
      "address": "9PHCCyytnspbBBnrBZ4W7fGUcrjaP6fr7pnDeXmT3zdM",
      "scopes": [
        "full"
      ]
    }
  ],
  "compression": {
    "eligible": false,
    "compressed": true,
    "data_hash": "EHnEc36MD4gW2VvnJZ8LCDovJFRamyWSgfAh9EckHSdP",
    "creator_hash": "EKDHSGbrGztomDfuiV4iqiZ6LschDJPsFiXjZ83f92Md",
    "collection_hash": "3mG2ogUZaUxX7TKRbDNDUPnesYghsd87YFAduqs4TETk",
    "asset_data_hash": "EKDHSGbrGztomDfuiV4iqiZ6LschDJPsFiXjZ83f92Md",
    "flags": 1,
    "asset_hash": "cmJWfjcsnnGtVUMeiM9S4BwynSYkBcDPUFUbAsWn1D6",
    "tree": "6bwDGu5LpTwAQapLRy9ZDDighQmz3P5JYdP8nQYrgHdZ",
    "seq": 2,
    "leaf_id": 0
  },
  "grouping": [],
  "royalty": {
    "royalty_model": "creators",
    "target": null,
    "percent": 0.05,
    "basis_points": 500,
    "primary_sale_happened": false,
    "locked": false
  },
  "creators": [],
  "ownership": {
    "frozen": true,
    "non_transferable": false,
    "delegated": true,
    "delegate": "2h2PPdqXdAh5XwkK8getg7mPNiSTtVXLc4dBhvTWygUQ",
    "ownership_model": "single",
    "owner": "5TAcMpLvid9E2SW9uyXWKPmNoJvT34EcrYbhNMU4QV95"
  },
  "supply": {
    "print_max_supply": 0,
    "print_current_supply": 0,
    "edition_nonce": null
  },
  "mutable": true,
  "burnt": false
}
