---
source: integration_tests/tests/integration_tests/search_assets_tests.rs
expression: response
---
{
  "total": 2,
  "limit": 2,
  "page": 1,
  "items": [
    {
      "interface": "ProgrammableNFT",
      "id": "Dt3XDSAdXAJbHqvuycgCTHykKCC7tntMFGMmSvfBbpTL",
      "content": {
        "$schema": "https://schema.metaplex.com/nft1.0.json",
        "json_uri": "https://arweave.net/6i48UvK_962HDlje4D1H73jiszwNvO9GgcDb00-SiRI/1887.json",
        "files": [],
        "metadata": {
          "name": "Claynosaurz: Call of Saga #1887",
          "symbol": "DINO",
          "token_standard": "ProgrammableNonFungible"
        },
        "links": {}
      },
      "authorities": [
        {
          "address": "G2R7KKR9aycrMDzR2EK2Cs69f2NNBRK8AZUuaohQBg2r",
          "scopes": [
            "full"
          ]
        }
      ],
      "compression": {
        "eligible": false,
        "compressed": false,
        "data_hash": "",
        "creator_hash": "",
        "asset_hash": "",
        "tree": "",
        "seq": 0,
        "leaf_id": 0
      },
      "grouping": [
        {
          "group_key": "collection",
          "group_value": "1yPMtWU5aqcF72RdyRD5yipmcMRC8NGNK59NvYubLkZ"
        }
      ],
      "royalty": {
        "royalty_model": "creators",
        "target": null,
        "percent": 0.05,
        "basis_points": 500,
        "primary_sale_happened": true,
        "locked": false
      },
      "creators": [
        {
          "address": "47besT5AjYkf8bdtzxt7k8rZbKr612Z3cayEx2wHCtLn",
          "share": 0,
          "verified": true
        },
        {
          "address": "36tfiBtaDGjAMKd6smPacHQhe4MXycLL6f9ww9CD1naT",
          "share": 100,
          "verified": false
        }
      ],
      "ownership": {
        "frozen": true,
        "delegated": false,
        "delegate": null,
        "ownership_model": "single",
        "owner": "6Cr66AabRYymhZgYQSfTCo6FVpH18wXrMZswAbcErpyX"
      },
      "supply": {
        "print_max_supply": 0,
        "print_current_supply": 0,
        "edition_nonce": 255
      },
      "mutable": true,
      "burnt": false,
      "token_info": {
        "supply": 1,
        "decimals": 0,
        "token_program": "TokenkegQfeZyiNwAJbNbGKPFXCWuBvf9Ss623VQ5DA",
        "mint_authority": "AMgreyN1PLncz1gh4RFTpAyP7gscfKKPF3swky7Kpbqo",
        "freeze_authority": "AMgreyN1PLncz1gh4RFTpAyP7gscfKKPF3swky7Kpbqo",
        "balance": 1,
        "associated_token_address": "7DS81LourvNXo5PiWZp6G3vaSHZhY1rxT9VpG8YuFBiq"
      }
    },
    {
      "interface": "ProgrammableNFT",
      "id": "2PfAwPb2hdgsf7xCKyU2kAWUGKnkxYZLfg5SMf4YP1h2",
      "content": {
        "$schema": "https://schema.metaplex.com/nft1.0.json",
        "json_uri": "https://arweave.net/6i48UvK_962HDlje4D1H73jiszwNvO9GgcDb00-SiRI/1121.json",
        "files": [],
        "metadata": {
          "name": "Claynosaurz: Call of Saga #1121",
          "symbol": "DINO",
          "token_standard": "ProgrammableNonFungible"
        },
        "links": {}
      },
      "authorities": [
        {
          "address": "G2R7KKR9aycrMDzR2EK2Cs69f2NNBRK8AZUuaohQBg2r",
          "scopes": [
            "full"
          ]
        }
      ],
      "compression": {
        "eligible": false,
        "compressed": false,
        "data_hash": "",
        "creator_hash": "",
        "asset_hash": "",
        "tree": "",
        "seq": 0,
        "leaf_id": 0
      },
      "grouping": [
        {
          "group_key": "collection",
          "group_value": "1yPMtWU5aqcF72RdyRD5yipmcMRC8NGNK59NvYubLkZ"
        }
      ],
      "royalty": {
        "royalty_model": "creators",
        "target": null,
        "percent": 0.05,
        "basis_points": 500,
        "primary_sale_happened": true,
        "locked": false
      },
      "creators": [
        {
          "address": "47besT5AjYkf8bdtzxt7k8rZbKr612Z3cayEx2wHCtLn",
          "share": 0,
          "verified": true
        },
        {
          "address": "36tfiBtaDGjAMKd6smPacHQhe4MXycLL6f9ww9CD1naT",
          "share": 100,
          "verified": false
        }
      ],
      "ownership": {
        "frozen": true,
        "delegated": false,
        "delegate": null,
        "ownership_model": "single",
        "owner": "C2ch7QUCrYZRkhVVzTXojkdjhdJhaY77i4VQdoPS64HX"
      },
      "supply": {
        "print_max_supply": 0,
        "print_current_supply": 0,
        "edition_nonce": 254
      },
      "mutable": true,
      "burnt": false,
      "token_info": {
        "supply": 1,
        "decimals": 0,
        "token_program": "TokenkegQfeZyiNwAJbNbGKPFXCWuBvf9Ss623VQ5DA",
        "mint_authority": "9AL5bVSYu6xZjFcWuqY2Dvv9DTrVRxhz63xQFm7sjpD",
        "freeze_authority": "9AL5bVSYu6xZjFcWuqY2Dvv9DTrVRxhz63xQFm7sjpD",
        "balance": 1,
        "associated_token_address": "3XePvcrVVbGNKNuK7jrtAfeK8KUjCpXebL95RqGceYP8"
      }
    }
  ]
}
